// Jest Snapshot v1, https://goo.gl/fbAQLP

exports[`Pruebas en FirstApp Debe de hacer match con el snapshot 1`] = `
<div>
  <h1>
    Hola, soy Goku
  </h1>
  <p>
    No hay subtitulo
  </p>
  <p>
    Ricardo Penagos
  </p>
</div>
`;

exports[`Pruebas en FirstApp Debe de hacer match con el snapshot 2`] = `
<div>
  <h1>
    Hola, soy Goku
  </h1>
  <p>
    No hay subtitulo
  </p>
  <p>
    Ricardo Penagos
  </p>
</div>
`;

exports[`Pruebas en FirstApp Debe mostrar el titulo h1 1`] = `
<div>
  <h1>
    Hola, soy Goku
  </h1>
  <p>
    No hay subtitulo
  </p>
  <p>
    Ricardo Penagos
  </p>
</div>
`;
